/home/adrian.linux/operating-systems/content/assignments/lambda-function-loader/checker/output/out-d708Zn
