Output file: Error: /home/adrian.linux/operating-systems/content/assignments/lambda-function-loader/tests/libfictional.so all_my_problems could not be executed.
